[INFO] Scanning for projects...
[INFO] 
[INFO] ----------------------< com.web:hotel-management >----------------------
[INFO] Building  0.0.1-SNAPSHOT
[INFO]   from pom.xml
[INFO] --------------------------------[ jar ]---------------------------------
[INFO] 
[INFO] --- clean:3.4.1:clean (default-clean) @ hotel-management ---
[INFO] Deleting C:\Users\Admin\hotel-management\target
[INFO] 
[INFO] --- resources:3.3.1:resources (default-resources) @ hotel-management ---
[INFO] Copying 1 resource from src\main\resources to target\classes
[INFO] Copying 2 resources from src\main\resources to target\classes
[INFO] 
[INFO] --- compiler:3.11.0:compile (default-compile) @ hotel-management ---
[INFO] Changes detected - recompiling the module! :source
[INFO] Compiling 18 source files with javac [debug release 17] to target\classes
[INFO] /C:/Users/Admin/hotel-management/src/main/java/com/web/hotel_management/auth/security/JwtTokenProvider.java: C:\Users\Admin\hotel-management\src\main\java\com\web\hotel_management\auth\security\JwtTokenProvider.java uses or overrides a deprecated API.
[INFO] /C:/Users/Admin/hotel-management/src/main/java/com/web/hotel_management/auth/security/JwtTokenProvider.java: Recompile with -Xlint:deprecation for details.
[INFO] -------------------------------------------------------------
[ERROR] COMPILATION ERROR : 
[INFO] -------------------------------------------------------------
[ERROR] /C:/Users/Admin/hotel-management/src/main/java/com/web/hotel_management/auth/security/JwtTokenProvider.java:[50,29] cannot find symbol
  symbol:   method parserBuilder()
  location: class io.jsonwebtoken.Jwts
[ERROR] /C:/Users/Admin/hotel-management/src/main/java/com/web/hotel_management/auth/security/JwtTokenProvider.java:[60,17] cannot find symbol
  symbol:   method parserBuilder()
  location: class io.jsonwebtoken.Jwts
[INFO] 2 errors 
[INFO] -------------------------------------------------------------
[INFO] ------------------------------------------------------------------------
[INFO] BUILD FAILURE
[INFO] ------------------------------------------------------------------------
[INFO] Total time:  27.255 s
[INFO] Finished at: 2026-04-01T16:56:35+07:00
[INFO] ------------------------------------------------------------------------
[ERROR] Failed to execute goal org.apache.maven.plugins:maven-compiler-plugin:3.11.0:compile (default-compile) on project hotel-management: Compilation failure: Compilation failure: 
[ERROR] /C:/Users/Admin/hotel-management/src/main/java/com/web/hotel_management/auth/security/JwtTokenProvider.java:[50,29] cannot find symbol
[ERROR]   symbol:   method parserBuilder()
[ERROR]   location: class io.jsonwebtoken.Jwts
[ERROR] /C:/Users/Admin/hotel-management/src/main/java/com/web/hotel_management/auth/security/JwtTokenProvider.java:[60,17] cannot find symbol
[ERROR]   symbol:   method parserBuilder()
[ERROR]   location: class io.jsonwebtoken.Jwts
[ERROR] -> [Help 1]
[ERROR] 
[ERROR] To see the full stack trace of the errors, re-run Maven with the -e switch.
[ERROR] Re-run Maven using the -X switch to enable full debug logging.
[ERROR] 
[ERROR] For more information about the errors and possible solutions, please read the following articles:
[ERROR] [Help 1] http://cwiki.apache.org/confluence/display/MAVEN/MojoFailureException
